// 重构日志: 4308348d
// 重构日志: e1d91e4a
// 重构日志: 3a907aa8
// 重构日志: 8717dee1
// 重构日志: efca620a
// 重构日志: 62f1300f
// 同步 ID: c3222e33 @ Fri Jul 17 08:01:20 UTC 2026
// 同步 ID: 058b4faa @ Fri Jul 17 12:29:12 UTC 2026
// 同步 ID: de7abb2b @ Sat Jul 18 06:48:02 UTC 2026
// 重构日志: 7a21d295
// 重构日志: 4ee8f06b
// 重构日志: 762138d1
// 重构日志: 6a82412b
// 同步 ID: 18f3cf55 @ Wed Jul 22 08:21:42 UTC 2026
// 同步 ID: b4895c68 @ Sat Jul 25 09:31:27 UTC 2026
// 重构日志: 8e31e2eb
// 重构日志: 6bbebc62
// 重构日志: 0c040da7
// 同步 ID: 04b027f3 @ Tue Jul 28 21:41:16 UTC 2026
// 重构日志: b233b3cd
// 重构日志: c6f2a2da
// 重构日志: 37ca3415
// 同步 ID: effaeee0 @ Sat Aug  1 12:37:35 UTC 2026
// 重构日志: d98276c1
// 重构日志: fd727e53
// 重构日志: 304892f6
// 同步 ID: c303b9cc @ Thu Aug  6 01:35:08 UTC 2026
// 同步 ID: 6b6c8beb @ Thu Aug  6 05:05:22 UTC 2026
// 重构日志: 0c0f8b69
// 同步 ID: c32866ff @ Thu Aug  6 13:30:08 UTC 2026
